// Jest Snapshot v1, https://goo.gl/fbAQLP

exports[`renders correctly 1`] = `
<div
  className="calc"
>
  <div
    className="calc-animation"
  >
    <h3
      className="animate__animated animate__pulse animate__infinite"
    >
      Let's do some Maths
    </h3>
    <svg
      className="arrow"
      fill="currentColor"
      height="1em"
      stroke="currentColor"
      strokeWidth="0"
      style={
        Object {
          "color": undefined,
        }
      }
      viewBox="0 0 24 24"
      width="1em"
      xmlns="http://www.w3.org/2000/svg"
    >
      <path
        d="M0 0h24v24H0z"
        fill="none"
      />
      <path
        d="M15.5 5H11l5 7-5 7h4.5l5-7z"
      />
      <path
        d="M8.5 5H4l5 7-5 7h4.5l5-7z"
      />
    </svg>
  </div>
  <ul
    className="calc-body"
  >
    <li
      className="calc-screen"
      data-testid="calc-screen"
    >
      0
    </li>
    <li
      className="calc-keyboard"
    >
      <div
        className="calc-digits"
      >
        <button
          id="AC"
          onClick={[Function]}
          type="button"
        >
          AC
        </button>
        <button
          id="+/-"
          onClick={[Function]}
          type="button"
        >
          +/-
        </button>
        <button
          id="%"
          onClick={[Function]}
          type="button"
        >
          %
        </button>
        <button
          id="7"
          onClick={[Function]}
          type="button"
        >
          7
        </button>
        <button
          id="8"
          onClick={[Function]}
          type="button"
        >
          8
        </button>
        <button
          id="9"
          onClick={[Function]}
          type="button"
        >
          9
        </button>
        <button
          id="4"
          onClick={[Function]}
          type="button"
        >
          4
        </button>
        <button
          id="5"
          onClick={[Function]}
          type="button"
        >
          5
        </button>
        <button
          id="6"
          onClick={[Function]}
          type="button"
        >
          6
        </button>
        <button
          id="1"
          onClick={[Function]}
          type="button"
        >
          1
        </button>
        <button
          id="2"
          onClick={[Function]}
          type="button"
        >
          2
        </button>
        <button
          id="3"
          onClick={[Function]}
          type="button"
        >
          3
        </button>
        <button
          id="0"
          onClick={[Function]}
          type="button"
        >
          0
        </button>
        <button
          id="00"
          onClick={[Function]}
          type="button"
        >
          00
        </button>
        <button
          id="."
          onClick={[Function]}
          type="button"
        >
          .
        </button>
      </div>
      <div
        className="calc-operators"
      >
        <button
          onClick={[Function]}
          type="button"
        >
          รท
        </button>
        <button
          onClick={[Function]}
          type="button"
        >
          x
        </button>
        <button
          onClick={[Function]}
          type="button"
        >
          -
        </button>
        <button
          onClick={[Function]}
          type="button"
        >
          +
        </button>
        <button
          onClick={[Function]}
          type="button"
        >
          =
        </button>
      </div>
    </li>
  </ul>
</div>
`;
